MD_EARLY tick=10 bytes=3146 tiles=314 ucPC=244 mixerPC=14ff00 producerPC=14ff00 mixerInstr=20323449 producerInstr=20318370 mixerCycles=101617607 producerCycles=101592201 ucCycles=40054426
MD_WRITE_TRAP dsp=0x16b4e1190 pc=14ff1d next=14ff1e value=fbd500 cycles=104956005 lc=00055b la=14ff20 sr=008019 sc=2
MD_ROM 14ff00 0cc300 brclr   #$0,x:<<$ffffc3,func_14ff00
MD_ROM 14ff02 084e06 movep   x:<<$ffffc6,a
MD_ROM 14ff03 0cc301 brclr   #$1,x:<<$ffffc3,func_14ff03
MD_ROM 14ff05 08ce07 movep   a,x:<<$ffffc7
MD_ROM 14ff06 0cc300 brclr   #$0,x:<<$ffffc3,func_14ff06
MD_ROM 14ff08 085006 movep   x:<<$ffffc6,r0
MD_ROM 14ff09 0140c5 cmp     #>$3,a
MD_ROM 14ff0b 0d1042 bne     func_14ff0e
MD_ROM 14ff0d 0ae080 jmp     (r0)
MD_ROM 14ff0e 0cc300 brclr   #$0,x:<<$ffffc3,func_14ff0e
MD_ROM 14ff10 084d06 movep   x:<<$ffffc6,b1
MD_ROM 14ff11 0140c5 cmp     #>$2,a
MD_ROM 14ff13 0d104a beq     func_14ff2b
MD_ROM 14ff15 0140c5 cmp     #>$1,a
MD_ROM 14ff17 0d104a beq     func_14ff22
MD_ROM 14ff19 06cd10 dor     b1,>*+$8
MD_ROM 14ff1b 0cc300 brclr   #$0,x:<<$ffffc3,func_14ff1b
MD_ROM 14ff1d 085846 movep   x:<<$ffffc6,p:(r0)+
MD_ROM 14ff1e 000000 nop  
MD_ROM 14ff1f 000000 nop  
MD_ROM 14ff20 000000 nop  
MD_ROM 14ff21 050f9f bra     func_14ff00
MD_ROM 14ff22 06cd10 dor     b1,>*+$8
MD_ROM 14ff24 0cc300 brclr   #$0,x:<<$ffffc3,func_14ff24
MD_ROM 14ff26 085886 movep   x:<<$ffffc6,x:(r0)+
MD_ROM 14ff27 000000 nop  
MD_ROM 14ff28 000000 nop  
MD_ROM 14ff29 000000 nop  
MD_ROM 14ff2a 050f96 bra     func_14ff00
MD_ROM 14ff2b 06cd10 dor     b1,>*+$8
MD_ROM 14ff2d 0cc300 brclr   #$0,x:<<$ffffc3,func_14ff2d
MD_ROM 14ff2f 0858c6 movep   x:<<$ffffc6,y:(r0)+
MD_ROM 14ff30 000000 nop  
MD_ROM 14ff31 000000 nop  
MD_ROM 14ff32 000000 nop  
MD_ROM 14ff33 050f8d bra     func_14ff00
MD_ROM 14ff34 00000c rts  
MD_ROM 14ff35 00000c rts  
MD_ROM 14ff36 00000c rts  
MD_ROM 14ff37 00000c rts  
MD_ROM 14ff38 00000c rts  
MD_ROM 14ff39 00000c rts  
MD_ROM 14ff3a 00000c rts  
MD_ROM 14ff3b 00000c rts  
MD_ROM 14ff3c 00000c rts  
MD_ROM 14ff3d 00000c rts  
MD_ROM 14ff3e 00000c rts  
MD_ROM 14ff3f 00000c rts  
MD_WRITE_REG r0=101328 n=000000 m=ffffff
MD_WRITE_REG r1=14ffff n=000000 m=ffffff
MD_WRITE_REG r2=000000 n=000000 m=ffffff
MD_WRITE_REG r3=000000 n=000000 m=ffffff
MD_WRITE_REG r4=000000 n=000000 m=ffffff
MD_WRITE_REG r5=000000 n=000000 m=ffffff
MD_WRITE_REG r6=000000 n=000000 m=ffffff
MD_WRITE_REG r7=000000 n=000000 m=ffffff
MD_EARLY tick=11 bytes=3146 tiles=314 ucPC=89e mixerPC=14ff00 producerPC=14ff1b mixerInstr=22328851 producerInstr=22922413 mixerCycles=111644617 producerCycles=111619270 ucCycles=44001819
MD_WRITE_TRAP dsp=0x16b4cc358 pc=143e68 next=143e69 value=000000 cycles=118387370 lc=036cd9 la=143e69 sr=0083d0 sc=4
MD_WRITE_REG r0=101328 n=000000 m=ffffff
MD_WRITE_REG r1=000001 n=000000 m=ffffff
MD_WRITE_REG r2=000000 n=000000 m=ffffff
MD_WRITE_REG r3=000000 n=000000 m=ffffff
MD_WRITE_REG r4=0001be n=000040 m=ffffff
MD_WRITE_REG r5=000000 n=000000 m=ffffff
MD_WRITE_REG r6=000000 n=000000 m=ffffff
MD_WRITE_REG r7=000150 n=000000 m=ffffff
MD_EARLY tick=12 bytes=3146 tiles=314 ucPC=220 mixerPC=21a producerPC=100095 mixerInstr=26788700 producerInstr=28491939 mixerCycles=121966535 producerCycles=121941126 ucCycles=48065312
MD_WRITE_TRAP dsp=0x16b4cc358 pc=00042d next=00042e value=000000 cycles=129653389 lc=00000a la=00042e sr=0080d4 sc=2
MD_WRITE_REG r0=0000ce n=000000 m=00001f
MD_WRITE_REG r1=0000c0 n=ffffbf m=00001f
MD_WRITE_REG r2=101327 n=017afc m=ffffff
MD_WRITE_REG r3=101328 n=017afc m=ffffff
MD_WRITE_REG r4=00000e n=000005 m=00001f
MD_WRITE_REG r5=000020 n=000002 m=00001f
MD_WRITE_REG r6=0006d8 n=000005 m=ffffff
MD_WRITE_REG r7=000150 n=000000 m=ffffff
MD_EARLY tick=15 bytes=3146 tiles=314 ucPC=2004fc mixerPC=216 producerPC=100095 mixerInstr=50165881 producerInstr=53700983 mixerCycles=152342471 producerCycles=152317062 ucCycles=60023589
MD_EARLY tick=20 bytes=3146 tiles=314 ucPC=23f5a4 mixerPC=21d producerPC=100096 mixerInstr=89430471 producerInstr=96042377 mixerCycles=203362248 producerCycles=203336838 ucCycles=80108848
MD_EARLY tick=25 bytes=3160 tiles=314 ucPC=201124 mixerPC=498 producerPC=100095 mixerInstr=133933259 producerInstr=144027403 mixerCycles=261185202 producerCycles=261159698 ucCycles=100078009
MD_EARLY tick=30 bytes=3160 tiles=314 ucPC=201124 mixerPC=9da producerPC=bb mixerInstr=154003330 producerInstr=168272438 mixerCycles=304811977 producerCycles=304786569 ucCycles=120047171
fresh boot state: ucPC=0x201124 ucCycles=720000005 mixerPC=0x9da producerPC=0xbb mixerCycles=1828788169 producerCycles=1828762761 bytes=3160 tiles=314 lit=748
MD_PROGRAM dsp=0 hash=4e11815db4f755e5 nonzero=202
MD_PROGRAM dsp=1 hash=1e7a88cba19ce116 nonzero=125648
fresh boot: panel UART stream stopped early
